🔌 Conectando ao backend em localhost:3508...

============================================================
🧪 estagIA - Testes End-to-End do RAG
============================================================

📋 Teste: Remição - ENCCEJA Nível 4
   Matéria: remicao
   Nível: 4
   ❌ ERRO: Erro ao parsear resposta: 

📋 Teste: Retificação - Nível 3
   Matéria: retificacao
   Nível: 3
   ❌ ERRO: Erro ao parsear resposta: 

📋 Teste: Indulto - Nível 4
   Matéria: indulto
   Nível: 4
   ❌ ERRO: Erro ao parsear resposta: 

📋 Teste: Progressão - Nível 3
   Matéria: progressao
   Nível: 3
   ❌ ERRO: Erro ao parsear resposta: 

📋 Teste: Busca Semântica Geral - Nível 2
   Matéria: (não especificada)
   Nível: 2
   ❌ ERRO: Erro ao parsear resposta: 

============================================================
📊 Resultado: 0/5 passados
⚠️  5 teste(s) falharam
============================================================
